// Jest Snapshot v1, https://goo.gl/fbAQLP

exports[`Page renders consistently 1`] = `
<DocumentFragment>
  <main
    class=""
  />
</DocumentFragment>
`;
