// Jest Snapshot v1, https://goo.gl/fbAQLP

exports[`Home renders consistently 1`] = `
<DocumentFragment>
  <main
    class=""
    id="home"
  />
</DocumentFragment>
`;
